// Jest Snapshot v1, https://goo.gl/fbAQLP

exports[`QueryTransactionHandler should call the query transaction api 1`] = `"The information for '%s' were retrieved successfully."`;

exports[`QueryTransactionHandler should call the query transaction api 2`] = `
Object {
  "data": Object {},
  "messages": Object {},
}
`;
