// Jest Snapshot v1, https://goo.gl/fbAQLP

exports[`StartRegionHandler should call the start region api 1`] = `
"

"
`;

exports[`StartRegionHandler should call the start region api 2`] = `
Object {
  "data": Object {},
  "messages": Object {},
}
`;
