// Jest Snapshot v1, https://goo.gl/fbAQLP

exports[`main success should log initialization messages 1`] = `" Imperative Initialized the CLI Plug-in for IMS! Parsed the input command!"`;
