// Jest Snapshot v1, https://goo.gl/fbAQLP

exports[`StartProgramHandler should call the start program api 1`] = `
"

"
`;

exports[`StartProgramHandler should call the start program api 2`] = `
Object {
  "data": Object {},
  "messages": Object {},
}
`;
