// Jest Snapshot v1, https://goo.gl/fbAQLP

exports[`StopRegionHandler should call the stop region api 1`] = `
"

"
`;

exports[`StopRegionHandler should call the stop region api 2`] = `
Object {
  "data": Object {},
  "messages": Object {},
}
`;
